// Jest Snapshot v1, https://goo.gl/fbAQLP

exports[`Email matches previous snapshot 1`] = `
<View
  style={
    Object {
      "marginBottom": 15,
      "paddingHorizontal": 10,
      "width": "100%",
    }
  }
>
  <View
    style={
      Object {
        "alignItems": "center",
        "borderBottomWidth": 1,
        "borderColor": "#86939e",
        "flexDirection": "row",
        "transform": Array [
          Object {
            "translateX": 0,
          },
        ],
      }
    }
  >
    <TextInput
      allowFontScaling={true}
      autoCapitalize="none"
      autoCompleteType="email"
      autoCorrect={false}
      editable={true}
      onChangeText={[Function]}
      onSubmitEditing={[Function]}
      placeholder="Email"
      rejectResponderTermination={true}
      returnKeyType="next"
      style={
        Object {
          "alignSelf": "center",
          "color": "black",
          "flex": 1,
          "fontSize": 18,
          "minHeight": 40,
        }
      }
      testID="RNE__Input__text-input"
      underlineColorAndroid="transparent"
    />
  </View>
</View>
`;
