// Jest Snapshot v1, https://goo.gl/fbAQLP

exports[`FoodOverview matches previous snapshot 1`] = `
<View
  accessible={true}
  style={
    Object {
      "backgroundColor": "black",
      "flex": 1,
      "flexDirection": "column",
    }
  }
>
  <View
    style={
      Object {
        "alignItems": "center",
        "flex": 1,
        "justifyContent": "flex-end",
      }
    }
  >
    <RNCamera
      accessible={true}
      androidCameraPermissionOptions={
        Object {
          "buttonNegative": "Cancel",
          "buttonPositive": "Ok",
          "message": "We need your permission to use your camera",
          "title": "Permission to use camera",
        }
      }
      androidRecordAudioPermissionOptions={
        Object {
          "message": "",
          "title": "",
        }
      }
      autoFocus={1}
      barCodeScannerEnabled={true}
      barCodeTypes={Array []}
      cameraId={null}
      captureAudio={false}
      exposure={-1}
      faceDetectionClassifications={0}
      faceDetectionLandmarks={0}
      faceDetectionMode={1}
      flashMode={1}
      focusDepth={0}
      keepAudioSession={false}
      maxZoom={0}
      mirrorVideo={false}
      notAuthorizedView={
        <View
          style={
            Object {
              "alignItems": "center",
              "flex": 1,
              "justifyContent": "center",
            }
          }
        >
          <Text
            style={
              Object {
                "fontSize": 16,
                "textAlign": "center",
              }
            }
          >
            Camera not authorized
          </Text>
        </View>
      }
      onAudioConnected={[Function]}
      onAudioInterrupted={[Function]}
      onBarCodeRead={[Function]}
      onCameraReady={[Function]}
      onFacesDetected={[Function]}
      onGoogleVisionBarcodesDetected={[Function]}
      onMountError={[Function]}
      onPictureSaved={[Function]}
      onSubjectAreaChanged={[Function]}
      onTextRecognized={[Function]}
      pendingAuthorizationView={
        <View
          style={
            Object {
              "alignItems": "center",
              "flex": 1,
              "justifyContent": "center",
            }
          }
        >
          <ActivityIndicator
            animating={true}
            color="#999999"
            hidesWhenStopped={true}
            size="small"
          />
        </View>
      }
      permissionDialogMessage=""
      permissionDialogTitle=""
      pictureSize="None"
      playSoundOnCapture={false}
      style={
        Object {
          "bottom": 0,
          "left": 0,
          "position": "absolute",
          "right": 0,
          "top": 0,
        }
      }
      type={1}
      useCamera2Api={false}
      videoStabilizationMode={0}
      zoom={0}
    />
    <View
      style={
        Object {
          "alignItems": "center",
          "flex": 1,
          "justifyContent": "flex-end",
        }
      }
    >
      <ActivityIndicator
        animating={true}
        color="white"
        hidesWhenStopped={true}
        size="small"
        style={
          Object {
            "alignItems": "center",
            "height": 80,
            "justifyContent": "center",
            "margin": 32,
            "width": 80,
          }
        }
      />
    </View>
  </View>
</View>
`;
