// Jest Snapshot v1, https://goo.gl/fbAQLP

exports[`foodprint screen with loaded results matches previous snapshot 1`] = `
<MockedProvider
  addTypename={false}
  mocks={
    Array [
      Object {
        "request": Object {
          "query": undefined,
        },
        "result": Object {
          "data": Object {
            "getUserHistoryReport": Object {
              "categoryReports": Array [
                Object {
                  "eggsAndDairy": Array [
                    Object {
                      "avgCarbonFootprint": 3.8,
                      "periodNumber": 0,
                    },
                    Object {
                      "avgCarbonFootprint": 3.3,
                      "periodNumber": -1,
                    },
                    Object {
                      "avgCarbonFootprint": 2.85,
                      "periodNumber": -2,
                    },
                    Object {
                      "avgCarbonFootprint": 2.6,
                      "periodNumber": -3,
                    },
                    Object {
                      "avgCarbonFootprint": 2.7,
                      "periodNumber": -4,
                    },
                    Object {
                      "avgCarbonFootprint": 2.6,
                      "periodNumber": -5,
                    },
                  ],
                  "fish": Array [
                    Object {
                      "avgCarbonFootprint": 3.8,
                      "periodNumber": 0,
                    },
                    Object {
                      "avgCarbonFootprint": 2.6,
                      "periodNumber": -1,
                    },
                    Object {
                      "avgCarbonFootprint": 3.3,
                      "periodNumber": -2,
                    },
                    Object {
                      "avgCarbonFootprint": 2.7,
                      "periodNumber": -3,
                    },
                    Object {
                      "avgCarbonFootprint": 2.85,
                      "periodNumber": -4,
                    },
                    Object {
                      "avgCarbonFootprint": 2.6,
                      "periodNumber": -5,
                    },
                  ],
                  "meat": Array [
                    Object {
                      "avgCarbonFootprint": 3.8,
                      "periodNumber": 0,
                    },
                    Object {
                      "avgCarbonFootprint": 3.3,
                      "periodNumber": -1,
                    },
                    Object {
                      "avgCarbonFootprint": 2.85,
                      "periodNumber": -2,
                    },
                    Object {
                      "avgCarbonFootprint": 2.6,
                      "periodNumber": -3,
                    },
                    Object {
                      "avgCarbonFootprint": 2.7,
                      "periodNumber": -4,
                    },
                    Object {
                      "avgCarbonFootprint": 3.3,
                      "periodNumber": -5,
                    },
                  ],
                  "plantBased": Array [
                    Object {
                      "avgCarbonFootprint": 3.8,
                      "periodNumber": 0,
                    },
                    Object {
                      "avgCarbonFootprint": 2.7,
                      "periodNumber": -1,
                    },
                    Object {
                      "avgCarbonFootprint": 3.3,
                      "periodNumber": -2,
                    },
                    Object {
                      "avgCarbonFootprint": 2.85,
                      "periodNumber": -3,
                    },
                    Object {
                      "avgCarbonFootprint": 2.6,
                      "periodNumber": -4,
                    },
                    Object {
                      "avgCarbonFootprint": 3.3,
                      "periodNumber": -5,
                    },
                  ],
                },
                Object {
                  "eggsAndDairy": Array [
                    Object {
                      "avgCarbonFootprint": 13.5,
                      "periodNumber": 0,
                    },
                    Object {
                      "avgCarbonFootprint": 16.5,
                      "periodNumber": -1,
                    },
                    Object {
                      "avgCarbonFootprint": 19,
                      "periodNumber": -2,
                    },
                    Object {
                      "avgCarbonFootprint": 13,
                      "periodNumber": -3,
                    },
                    Object {
                      "avgCarbonFootprint": 14.25,
                      "periodNumber": -4,
                    },
                    Object {
                      "avgCarbonFootprint": 13,
                      "periodNumber": -5,
                    },
                  ],
                  "fish": Array [
                    Object {
                      "avgCarbonFootprint": 13.5,
                      "periodNumber": 0,
                    },
                    Object {
                      "avgCarbonFootprint": 13,
                      "periodNumber": -1,
                    },
                    Object {
                      "avgCarbonFootprint": 16.5,
                      "periodNumber": -2,
                    },
                    Object {
                      "avgCarbonFootprint": 19,
                      "periodNumber": -3,
                    },
                    Object {
                      "avgCarbonFootprint": 14.25,
                      "periodNumber": -4,
                    },
                    Object {
                      "avgCarbonFootprint": 13,
                      "periodNumber": -5,
                    },
                  ],
                  "meat": Array [
                    Object {
                      "avgCarbonFootprint": 13.5,
                      "periodNumber": 0,
                    },
                    Object {
                      "avgCarbonFootprint": 16.5,
                      "periodNumber": -1,
                    },
                    Object {
                      "avgCarbonFootprint": 19,
                      "periodNumber": -2,
                    },
                    Object {
                      "avgCarbonFootprint": 13,
                      "periodNumber": -3,
                    },
                    Object {
                      "avgCarbonFootprint": 14.25,
                      "periodNumber": -4,
                    },
                    Object {
                      "avgCarbonFootprint": 16.5,
                      "periodNumber": -5,
                    },
                  ],
                  "plantBased": Array [
                    Object {
                      "avgCarbonFootprint": 13.5,
                      "periodNumber": 0,
                    },
                    Object {
                      "avgCarbonFootprint": 19,
                      "periodNumber": -1,
                    },
                    Object {
                      "avgCarbonFootprint": 16.5,
                      "periodNumber": -2,
                    },
                    Object {
                      "avgCarbonFootprint": 14.25,
                      "periodNumber": -3,
                    },
                    Object {
                      "avgCarbonFootprint": 13,
                      "periodNumber": -4,
                    },
                    Object {
                      "avgCarbonFootprint": 16.5,
                      "periodNumber": -5,
                    },
                  ],
                },
              ],
              "periodAvgs": Array [
                13.4,
                64,
              ],
              "userAvg": 17.25,
            },
          },
        },
      },
    ]
  }
>
  <Foodprint
    navigation={
      Object {
        "setOptions": [MockFunction],
      }
    }
  />
</MockedProvider>
`;
