// Jest Snapshot v1, https://goo.gl/fbAQLP

exports[`FoodOverview matches previous snapshot 1`] = `
<SafeAreaView
  style={
    Object {
      "height": "100%",
      "width": "100%",
    }
  }
>
  <View
    style={
      Object {
        "alignItems": "center",
        "flexDirection": "row",
        "justifyContent": "space-between",
        "padding": 8,
      }
    }
  >
    <TouchableOpacity
      activeOpacity={0.2}
      onPress={[Function]}
    >
      <Text
        allowFontScaling={false}
        style={
          Array [
            Object {
              "color": "grey",
              "fontSize": 45,
            },
            Object {
              "margin": 10,
            },
            Object {
              "fontFamily": "Material Design Icons",
              "fontStyle": "normal",
              "fontWeight": "normal",
            },
            Object {},
          ]
        }
      >
        
      </Text>
    </TouchableOpacity>
    <TouchableOpacity
      activeOpacity={0.2}
      onPress={[Function]}
    >
      <Text
        allowFontScaling={false}
        style={
          Array [
            Object {
              "color": "grey",
              "fontSize": 50,
            },
            Object {
              "margin": 10,
            },
            Object {
              "fontFamily": "Material Design Icons",
              "fontStyle": "normal",
              "fontWeight": "normal",
            },
            Object {},
          ]
        }
      >
        
      </Text>
    </TouchableOpacity>
  </View>
  <ScrollView>
    <View
      style={
        Object {
          "alignItems": "center",
          "justifyContent": "center",
          "marginHorizontal": 40,
        }
      }
    >
      <Text
        style={
          Object {
            "fontSize": 36,
            "marginVertical": 20,
            "textAlign": "center",
          }
        }
      >
        Welcome to FoodPrint!
      </Text>
      <Text
        style={
          Object {
            "fontSize": 20,
            "marginTop": 20,
            "textAlign": "center",
          }
        }
      >
        You can now know the carbon footprint of the food you buy simply by scanning its barcode or taking a picture of it!
      </Text>
      <Image
        source={
          Object {
            "uri": "https://png2.cleanpng.com/sh/4618a1d69c3326bc75ab0d6a0d3cd256/L0KzQYm3VcIyN5NvjJH0aYP2gLBuTfVud6Vue9H3LXXwf7vwTgN1cZRwfeQ2ZnHmdbP2jBsucZ9oReV2aXzoiX68gsAzPWNnfKdrM0LmQXA9WMIyOGE7T6MAMka7R4mCUMk0P2Q7RuJ3Zx==/kisspng-emoticon-emoji-sticker-facebook-inc-smiley-5b0252bd5b32c1.6821006715268789093736.png",
          }
        }
        style={
          Object {
            "height": 200,
            "marginTop": 10,
            "width": 200,
          }
        }
      />
      <Text
        style={
          Object {
            "fontSize": 20,
            "marginTop": 20,
            "textAlign": "center",
          }
        }
      >
        To get started, simply click on the Camera icon in the top left corner!
      </Text>
    </View>
  </ScrollView>
</SafeAreaView>
`;
