// Jest Snapshot v1, https://goo.gl/fbAQLP

exports[`FoodOverview matches previous snapshot 1`] = `
<SafeAreaView
  style={
    Object {
      "height": "100%",
      "width": "100%",
    }
  }
>
  <ScrollView>
    <View
      style={
        Object {
          "alignItems": "center",
          "justifyContent": "center",
          "marginHorizontal": 40,
        }
      }
    >
      <Text
        style={
          Object {
            "fontSize": 36,
            "marginVertical": 20,
            "textAlign": "center",
          }
        }
      >
        Welcome
      </Text>
      <Text
        style={
          Object {
            "fontSize": 20,
            "marginTop": 20,
            "textAlign": "center",
          }
        }
      >
        Scan a barcode or snap a picture.
      </Text>
      <Image
        source={
          Object {
            "uri": "https://png2.cleanpng.com/sh/4618a1d69c3326bc75ab0d6a0d3cd256/L0KzQYm3VcIyN5NvjJH0aYP2gLBuTfVud6Vue9H3LXXwf7vwTgN1cZRwfeQ2ZnHmdbP2jBsucZ9oReV2aXzoiX68gsAzPWNnfKdrM0LmQXA9WMIyOGE7T6MAMka7R4mCUMk0P2Q7RuJ3Zx==/kisspng-emoticon-emoji-sticker-facebook-inc-smiley-5b0252bd5b32c1.6821006715268789093736.png",
          }
        }
        style={
          Object {
            "height": 200,
            "marginTop": 10,
            "width": 200,
          }
        }
      />
    </View>
  </ScrollView>
</SafeAreaView>
`;
