// Jest Snapshot v1, https://goo.gl/fbAQLP

exports[`ErrorMessage renders correctly and is the same as its previous snapshot 1`] = `
<View
  style={
    Object {
      "alignItems": "center",
      "backgroundColor": "#ffffff",
      "flex": 1,
      "justifyContent": "center",
    }
  }
>
  <View>
    <Image
      source={
        Object {
          "testUri": "../../../src/images/logo.png",
        }
      }
      style={Object {}}
    />
  </View>
  <ActivityIndicator
    animating={true}
    color="white"
    hidesWhenStopped={true}
    size="small"
  />
</View>
`;
