// Jest Snapshot v1, https://goo.gl/fbAQLP

exports[`Login matches previous snapshot 1`] = `
<ScrollView
  contentContainerStyle={
    Object {
      "alignItems": "center",
    }
  }
  keyboardShouldPersistTaps="handled"
  style={
    Object {
      "height": "100%",
      "width": "100%",
    }
  }
>
  <View
    style={
      Object {
        "justifyContent": "center",
        "marginVertical": 66.5,
      }
    }
  >
    <Image
      source={
        Object {
          "testUri": "../../../src/images/logoGreen.png",
        }
      }
      style={
        Object {
          "height": 200,
          "resizeMode": "contain",
        }
      }
    />
  </View>
  <View
    style={
      Object {
        "width": "80%",
      }
    }
  >
    <View>
      <View
        style={
          Object {
            "marginBottom": 15,
            "paddingHorizontal": 10,
            "width": "100%",
          }
        }
      >
        <View
          style={
            Object {
              "alignItems": "center",
              "borderBottomWidth": 1,
              "borderColor": "#86939e",
              "flexDirection": "row",
              "transform": Array [
                Object {
                  "translateX": 0,
                },
              ],
            }
          }
        >
          <TextInput
            allowFontScaling={true}
            autoCapitalize="none"
            autoCompleteType="email"
            autoCorrect={false}
            editable={true}
            onChangeText={[Function]}
            onSubmitEditing={[Function]}
            placeholder="Email"
            rejectResponderTermination={true}
            returnKeyType="next"
            style={
              Object {
                "alignSelf": "center",
                "color": "black",
                "flex": 1,
                "fontSize": 18,
                "minHeight": 40,
              }
            }
            testID="RNE__Input__text-input"
            underlineColorAndroid="transparent"
            value=""
          />
        </View>
      </View>
      <View
        style={
          Object {
            "marginBottom": 15,
            "paddingHorizontal": 10,
            "width": "100%",
          }
        }
      >
        <View
          style={
            Object {
              "alignItems": "center",
              "borderBottomWidth": 1,
              "borderColor": "#86939e",
              "flexDirection": "row",
              "transform": Array [
                Object {
                  "translateX": 0,
                },
              ],
            }
          }
        >
          <TextInput
            allowFontScaling={true}
            autoCapitalize="none"
            autoCompleteType="password"
            autoCorrect={false}
            editable={true}
            onChangeText={[Function]}
            onSubmitEditing={[Function]}
            placeholder="Password"
            rejectResponderTermination={true}
            returnKeyType="join"
            secureTextEntry={true}
            style={
              Object {
                "alignSelf": "center",
                "color": "black",
                "flex": 1,
                "fontSize": 18,
                "minHeight": 40,
              }
            }
            testID="RNE__Input__text-input"
            underlineColorAndroid="transparent"
            value=""
          />
        </View>
      </View>
    </View>
  </View>
  <View
    style={
      Object {
        "width": "80%",
      }
    }
  >
    <View
      style={
        Object {
          "borderRadius": 3,
          "marginVertical": 16,
        }
      }
    >
      <TouchableOpacity
        activeOpacity={0.3}
        disabled={false}
        onPress={[Function]}
        testID="loginButton"
      >
        <View
          style={
            Object {
              "alignItems": "center",
              "backgroundColor": "green",
              "borderColor": "#2089dc",
              "borderRadius": 3,
              "borderWidth": 0,
              "flexDirection": "row",
              "justifyContent": "center",
              "padding": 8,
            }
          }
        >
          <Text
            style={
              Object {
                "color": "white",
                "fontSize": 37.5,
                "paddingBottom": 1,
                "paddingTop": 2,
                "textAlign": "center",
              }
            }
          >
            LOGIN
          </Text>
        </View>
      </TouchableOpacity>
    </View>
  </View>
</ScrollView>
`;
