// Jest Snapshot v1, https://goo.gl/fbAQLP

exports[`NoInternet matches previous snapshot 1`] = `
<View
  style={
    Object {
      "flex": 1,
      "justifyContent": "center",
      "margin": 40,
    }
  }
>
  <View
    style={
      Object {
        "flex": 1,
        "justifyContent": "center",
      }
    }
  >
    <Text
      h3={true}
      style={
        Object {
          "fontSize": 36,
          "fontWeight": "bold",
          "textAlign": "center",
        }
      }
    >
      Oops.
    </Text>
  </View>
  <View
    style={
      Object {
        "alignItems": "center",
        "flex": 1,
        "justifyContent": "center",
      }
    }
  >
    <Image
      source={
        Object {
          "uri": "https://mir-s3-cdn-cf.behance.net/project_modules/disp/d8094059120725.5a15c9fa09761.gif",
        }
      }
      style={
        Object {
          "height": 300,
          "width": 300,
        }
      }
    />
  </View>
  <View
    style={
      Object {
        "flex": 1,
        "justifyContent": "center",
      }
    }
  >
    <Text
      style={
        Object {
          "fontSize": 22,
          "margin": 20,
          "textAlign": "center",
        }
      }
    >
      You're not connected to the internet.
    </Text>
  </View>
</View>
`;
